// Jest Snapshot v1, https://goo.gl/fbAQLP

exports[`Main.vue should render correctly 1`] = `undefined`;
